============================= test session starts =============================
platform win32 -- Python 3.11.9, pytest-9.0.2, pluggy-1.6.0 -- C:\Users\hites\AppData\Local\Programs\Python\Python311\python.exe
cachedir: .pytest_cache
rootdir: C:\Users\hites\Showcase
configfile: pyproject.toml
plugins: anyio-4.11.0
collecting ... collected 8 items / 7 deselected / 1 selected

tests/test_endpoints.py::test_upload_resume_success FAILED               [100%]

================================== FAILURES ===================================
_________________________ test_upload_resume_success __________________________

self = <app.adapters.gemini_adapter.GeminiAdapter object at 0x000002356C359D10>
image_bytes = b'fake pdf content'
prompt = 'Extract all text from this image and maintain the formatting.'

    async def vision_to_text(self, image_bytes: bytes, prompt: Optional[str] = None) -> str:
        """
        Optional OCR capability.
        Only used if vision functionality is explicitly required.
        """
        if not prompt:
            prompt = "Extract all text from this image and maintain the formatting."
    
        try:
            # Using the SDK's native async call
            # contents part format for SDK:
            content = [
                prompt,
                {
                    "mime_type": "image/jpeg", # Assuming JPEG for now, strictly speaking should detect
                    "data": image_bytes
                }
            ]
    
>           response = await self.vision_model.generate_content_async(content)
                       ^^^^^^^^^^^^^^^^^^^^^^^^^^^^^^^^^^^^^^^^^^^^^^^^^^^^^^^

app\adapters\gemini_adapter.py:304: 
_ _ _ _ _ _ _ _ _ _ _ _ _ _ _ _ _ _ _ _ _ _ _ _ _ _ _ _ _ _ _ _ _ _ _ _ _ _ _ _
..\AppData\Local\Programs\Python\Python311\Lib\site-packages\google\generativeai\generative_models.py:385: in generate_content_async
    response = await self._async_client.generate_content(
..\AppData\Local\Programs\Python\Python311\Lib\site-packages\google\ai\generativelanguage_v1beta\services\generative_service\async_client.py:440: in generate_content
    response = await rpc(
..\AppData\Local\Programs\Python\Python311\Lib\site-packages\google\api_core\retry\retry_unary_async.py:231: in retry_wrapped_func
    return await retry_target(
..\AppData\Local\Programs\Python\Python311\Lib\site-packages\google\api_core\retry\retry_unary_async.py:163: in retry_target
    next_sleep = _retry_error_helper(
..\AppData\Local\Programs\Python\Python311\Lib\site-packages\google\api_core\retry\retry_base.py:214: in _retry_error_helper
    raise final_exc from source_exc
..\AppData\Local\Programs\Python\Python311\Lib\site-packages\google\api_core\retry\retry_unary_async.py:158: in retry_target
    return await target()
           ^^^^^^^^^^^^^^
_ _ _ _ _ _ _ _ _ _ _ _ _ _ _ _ _ _ _ _ _ _ _ _ _ _ _ _ _ _ _ _ _ _ _ _ _ _ _ _

self = <google.api_core.grpc_helpers_async._WrappedUnaryUnaryCall object at 0x0000023568E5AE90>

    def __await__(self) -> Iterator[P]:
        try:
            response = yield from self._call.__await__()
            return response
        except grpc.RpcError as rpc_error:
>           raise exceptions.from_grpc_error(rpc_error) from rpc_error
E           google.api_core.exceptions.InvalidArgument: 400 API key not valid. Please pass a valid API key. [reason: "API_KEY_INVALID"
E           domain: "googleapis.com"
E           metadata {
E             key: "service"
E             value: "generativelanguage.googleapis.com"
E           }
E           , locale: "en-US"
E           message: "API key not valid. Please pass a valid API key."
E           ]

..\AppData\Local\Programs\Python\Python311\Lib\site-packages\google\api_core\grpc_helpers_async.py:89: InvalidArgument

During handling of the above exception, another exception occurred:

self = <app.services.ocr_service.OCRService object at 0x0000023568C9EF10>
file = UploadFile(filename='resume.pdf', size=16, headers=Headers({'content-disposition': 'form-data; name="file"; filename="resume.pdf"', 'content-type': 'application/pdf'}))

    async def extract_text(self, file: UploadFile) -> str:
        try:
            await file.seek(0)
            if file.content_type not in {"image/jpeg", "image/png", "application/pdf"}:
                raise ValueError(f"Unsupported file type: {file.content_type}")
    
            content = await file.read()
    
            if len(content) > MAX_FILE_SIZE:
                raise ValueError("File size exceeds the 5MB limit")
    
>           return await gemini_adapter.vision_to_text(content)
                   ^^^^^^^^^^^^^^^^^^^^^^^^^^^^^^^^^^^^^^^^^^^^

app\services\ocr_service.py:18: 
_ _ _ _ _ _ _ _ _ _ _ _ _ _ _ _ _ _ _ _ _ _ _ _ _ _ _ _ _ _ _ _ _ _ _ _ _ _ _ _

self = <app.adapters.gemini_adapter.GeminiAdapter object at 0x000002356C359D10>
image_bytes = b'fake pdf content'
prompt = 'Extract all text from this image and maintain the formatting.'

    async def vision_to_text(self, image_bytes: bytes, prompt: Optional[str] = None) -> str:
        """
        Optional OCR capability.
        Only used if vision functionality is explicitly required.
        """
        if not prompt:
            prompt = "Extract all text from this image and maintain the formatting."
    
        try:
            # Using the SDK's native async call
            # contents part format for SDK:
            content = [
                prompt,
                {
                    "mime_type": "image/jpeg", # Assuming JPEG for now, strictly speaking should detect
                    "data": image_bytes
                }
            ]
    
            response = await self.vision_model.generate_content_async(content)
            return response.text.strip() if response.text else ""
        except Exception as e:
            logger.error(f"Vision OCR failed: {e}")
            # We raise a standard error so the rest of the app handles it gracefully
>           raise GeminiError(f"OCR failed: {str(e)}")
E           app.adapters.gemini_adapter.GeminiError: OCR failed: 400 API key not valid. Please pass a valid API key. [reason: "API_KEY_INVALID"
E           domain: "googleapis.com"
E           metadata {
E             key: "service"
E             value: "generativelanguage.googleapis.com"
E           }
E           , locale: "en-US"
E           message: "API key not valid. Please pass a valid API key."
E           ]

app\adapters\gemini_adapter.py:309: GeminiError

During handling of the above exception, another exception occurred:

    def test_upload_resume_success():
        # Mocking a file upload
        fake_file = ("resume.pdf", b"fake pdf content", "application/pdf")
    
>       response = client.post(
            "/api/v1/resume/upload",
            files={"file": fake_file}
        )

tests\test_endpoints.py:59: 
_ _ _ _ _ _ _ _ _ _ _ _ _ _ _ _ _ _ _ _ _ _ _ _ _ _ _ _ _ _ _ _ _ _ _ _ _ _ _ _
..\AppData\Local\Programs\Python\Python311\Lib\site-packages\starlette\testclient.py:546: in post
    return super().post(
..\AppData\Local\Programs\Python\Python311\Lib\site-packages\httpx\_client.py:1144: in post
    return self.request(
..\AppData\Local\Programs\Python\Python311\Lib\site-packages\starlette\testclient.py:445: in request
    return super().request(
..\AppData\Local\Programs\Python\Python311\Lib\site-packages\httpx\_client.py:825: in request
    return self.send(request, auth=auth, follow_redirects=follow_redirects)
           ^^^^^^^^^^^^^^^^^^^^^^^^^^^^^^^^^^^^^^^^^^^^^^^^^^^^^^^^^^^^^^^^
..\AppData\Local\Programs\Python\Python311\Lib\site-packages\httpx\_client.py:914: in send
    response = self._send_handling_auth(
..\AppData\Local\Programs\Python\Python311\Lib\site-packages\httpx\_client.py:942: in _send_handling_auth
    response = self._send_handling_redirects(
..\AppData\Local\Programs\Python\Python311\Lib\site-packages\httpx\_client.py:979: in _send_handling_redirects
    response = self._send_single_request(request)
               ^^^^^^^^^^^^^^^^^^^^^^^^^^^^^^^^^^
..\AppData\Local\Programs\Python\Python311\Lib\site-packages\httpx\_client.py:1014: in _send_single_request
    response = transport.handle_request(request)
               ^^^^^^^^^^^^^^^^^^^^^^^^^^^^^^^^^
..\AppData\Local\Programs\Python\Python311\Lib\site-packages\starlette\testclient.py:348: in handle_request
    raise exc
..\AppData\Local\Programs\Python\Python311\Lib\site-packages\starlette\testclient.py:345: in handle_request
    portal.call(self.app, scope, receive, send)
..\AppData\Local\Programs\Python\Python311\Lib\site-packages\anyio\from_thread.py:321: in call
    return cast(T_Retval, self.start_task_soon(func, *args).result())
                          ^^^^^^^^^^^^^^^^^^^^^^^^^^^^^^^^^^^^^^^^^^
..\AppData\Local\Programs\Python\Python311\Lib\concurrent\futures\_base.py:456: in result
    return self.__get_result()
           ^^^^^^^^^^^^^^^^^^^
..\AppData\Local\Programs\Python\Python311\Lib\concurrent\futures\_base.py:401: in __get_result
    raise self._exception
..\AppData\Local\Programs\Python\Python311\Lib\site-packages\anyio\from_thread.py:252: in _call_func
    retval = await retval_or_awaitable
             ^^^^^^^^^^^^^^^^^^^^^^^^^
..\AppData\Local\Programs\Python\Python311\Lib\site-packages\fastapi\applications.py:1135: in __call__
    await super().__call__(scope, receive, send)
..\AppData\Local\Programs\Python\Python311\Lib\site-packages\starlette\applications.py:107: in __call__
    await self.middleware_stack(scope, receive, send)
..\AppData\Local\Programs\Python\Python311\Lib\site-packages\starlette\middleware\errors.py:186: in __call__
    raise exc
..\AppData\Local\Programs\Python\Python311\Lib\site-packages\starlette\middleware\errors.py:164: in __call__
    await self.app(scope, receive, _send)
..\AppData\Local\Programs\Python\Python311\Lib\site-packages\starlette\middleware\cors.py:85: in __call__
    await self.app(scope, receive, send)
..\AppData\Local\Programs\Python\Python311\Lib\site-packages\starlette\middleware\exceptions.py:63: in __call__
    await wrap_app_handling_exceptions(self.app, conn)(scope, receive, send)
..\AppData\Local\Programs\Python\Python311\Lib\site-packages\starlette\_exception_handler.py:53: in wrapped_app
    raise exc
..\AppData\Local\Programs\Python\Python311\Lib\site-packages\starlette\_exception_handler.py:42: in wrapped_app
    await app(scope, receive, sender)
..\AppData\Local\Programs\Python\Python311\Lib\site-packages\fastapi\middleware\asyncexitstack.py:18: in __call__
    await self.app(scope, receive, send)
..\AppData\Local\Programs\Python\Python311\Lib\site-packages\starlette\routing.py:716: in __call__
    await self.middleware_stack(scope, receive, send)
..\AppData\Local\Programs\Python\Python311\Lib\site-packages\starlette\routing.py:736: in app
    await route.handle(scope, receive, send)
..\AppData\Local\Programs\Python\Python311\Lib\site-packages\starlette\routing.py:290: in handle
    await self.app(scope, receive, send)
..\AppData\Local\Programs\Python\Python311\Lib\site-packages\fastapi\routing.py:115: in app
    await wrap_app_handling_exceptions(app, request)(scope, receive, send)
..\AppData\Local\Programs\Python\Python311\Lib\site-packages\starlette\_exception_handler.py:53: in wrapped_app
    raise exc
..\AppData\Local\Programs\Python\Python311\Lib\site-packages\starlette\_exception_handler.py:42: in wrapped_app
    await app(scope, receive, sender)
..\AppData\Local\Programs\Python\Python311\Lib\site-packages\fastapi\routing.py:102: in app
    await response(scope, receive, send)
..\AppData\Local\Programs\Python\Python311\Lib\site-packages\starlette\responses.py:167: in __call__
    await self.background()
..\AppData\Local\Programs\Python\Python311\Lib\site-packages\starlette\background.py:36: in __call__
    await task()
..\AppData\Local\Programs\Python\Python311\Lib\site-packages\starlette\background.py:21: in __call__
    await self.func(*self.args, **self.kwargs)
app\tasks.py:18: in process_resume_task
    raw_text = await ocr_service.extract_text(file)
               ^^^^^^^^^^^^^^^^^^^^^^^^^^^^^^^^^^^^
_ _ _ _ _ _ _ _ _ _ _ _ _ _ _ _ _ _ _ _ _ _ _ _ _ _ _ _ _ _ _ _ _ _ _ _ _ _ _ _

self = <app.services.ocr_service.OCRService object at 0x0000023568C9EF10>
file = UploadFile(filename='resume.pdf', size=16, headers=Headers({'content-disposition': 'form-data; name="file"; filename="resume.pdf"', 'content-type': 'application/pdf'}))

    async def extract_text(self, file: UploadFile) -> str:
        try:
            await file.seek(0)
            if file.content_type not in {"image/jpeg", "image/png", "application/pdf"}:
                raise ValueError(f"Unsupported file type: {file.content_type}")
    
            content = await file.read()
    
            if len(content) > MAX_FILE_SIZE:
                raise ValueError("File size exceeds the 5MB limit")
    
            return await gemini_adapter.vision_to_text(content)
    
        except ValueError as ve:
            raise HTTPException(status_code=400, detail=str(ve))
        except Exception as e:
>           raise RuntimeError(f"OCR Pipeline failed: {str(e)}")
E           RuntimeError: OCR Pipeline failed: OCR failed: 400 API key not valid. Please pass a valid API key. [reason: "API_KEY_INVALID"
E           domain: "googleapis.com"
E           metadata {
E             key: "service"
E             value: "generativelanguage.googleapis.com"
E           }
E           , locale: "en-US"
E           message: "API key not valid. Please pass a valid API key."
E           ]

app\services\ocr_service.py:23: RuntimeError
---------------------------- Captured stderr call -----------------------------
INFO:app.tasks:Job a1dac1d7-dd46-4eff-ad1b-bd092361f254: Processing started for User test_user_123
ERROR:app.adapters.gemini_adapter:Vision OCR failed: 400 API key not valid. Please pass a valid API key. [reason: "API_KEY_INVALID"
domain: "googleapis.com"
metadata {
  key: "service"
  value: "generativelanguage.googleapis.com"
}
, locale: "en-US"
message: "API key not valid. Please pass a valid API key."
]
ERROR:app.tasks:Job a1dac1d7-dd46-4eff-ad1b-bd092361f254: Failed after 0.54s | Error: OCR Pipeline failed: OCR failed: 400 API key not valid. Please pass a valid API key. [reason: "API_KEY_INVALID"
domain: "googleapis.com"
metadata {
  key: "service"
  value: "generativelanguage.googleapis.com"
}
, locale: "en-US"
message: "API key not valid. Please pass a valid API key."
]
Traceback (most recent call last):
  File "C:\Users\hites\Showcase\app\adapters\gemini_adapter.py", line 304, in vision_to_text
    response = await self.vision_model.generate_content_async(content)
               ^^^^^^^^^^^^^^^^^^^^^^^^^^^^^^^^^^^^^^^^^^^^^^^^^^^^^^^
  File "C:\Users\hites\AppData\Local\Programs\Python\Python311\Lib\site-packages\google\generativeai\generative_models.py", line 385, in generate_content_async
    response = await self._async_client.generate_content(
               ^^^^^^^^^^^^^^^^^^^^^^^^^^^^^^^^^^^^^^^^^^
  File "C:\Users\hites\AppData\Local\Programs\Python\Python311\Lib\site-packages\google\ai\generativelanguage_v1beta\services\generative_service\async_client.py", line 440, in generate_content
    response = await rpc(
               ^^^^^^^^^^
  File "C:\Users\hites\AppData\Local\Programs\Python\Python311\Lib\site-packages\google\api_core\retry\retry_unary_async.py", line 231, in retry_wrapped_func
    return await retry_target(
           ^^^^^^^^^^^^^^^^^^^
  File "C:\Users\hites\AppData\Local\Programs\Python\Python311\Lib\site-packages\google\api_core\retry\retry_unary_async.py", line 163, in retry_target
    next_sleep = _retry_error_helper(
                 ^^^^^^^^^^^^^^^^^^^^
  File "C:\Users\hites\AppData\Local\Programs\Python\Python311\Lib\site-packages\google\api_core\retry\retry_base.py", line 214, in _retry_error_helper
    raise final_exc from source_exc
  File "C:\Users\hites\AppData\Local\Programs\Python\Python311\Lib\site-packages\google\api_core\retry\retry_unary_async.py", line 158, in retry_target
    return await target()
           ^^^^^^^^^^^^^^
  File "C:\Users\hites\AppData\Local\Programs\Python\Python311\Lib\site-packages\google\api_core\grpc_helpers_async.py", line 89, in __await__
    raise exceptions.from_grpc_error(rpc_error) from rpc_error
google.api_core.exceptions.InvalidArgument: 400 API key not valid. Please pass a valid API key. [reason: "API_KEY_INVALID"
domain: "googleapis.com"
metadata {
  key: "service"
  value: "generativelanguage.googleapis.com"
}
, locale: "en-US"
message: "API key not valid. Please pass a valid API key."
]

During handling of the above exception, another exception occurred:

Traceback (most recent call last):
  File "C:\Users\hites\Showcase\app\services\ocr_service.py", line 18, in extract_text
    return await gemini_adapter.vision_to_text(content)
           ^^^^^^^^^^^^^^^^^^^^^^^^^^^^^^^^^^^^^^^^^^^^
  File "C:\Users\hites\Showcase\app\adapters\gemini_adapter.py", line 309, in vision_to_text
    raise GeminiError(f"OCR failed: {str(e)}")
app.adapters.gemini_adapter.GeminiError: OCR failed: 400 API key not valid. Please pass a valid API key. [reason: "API_KEY_INVALID"
domain: "googleapis.com"
metadata {
  key: "service"
  value: "generativelanguage.googleapis.com"
}
, locale: "en-US"
message: "API key not valid. Please pass a valid API key."
]

During handling of the above exception, another exception occurred:

Traceback (most recent call last):
  File "C:\Users\hites\Showcase\app\tasks.py", line 18, in process_resume_task
    raw_text = await ocr_service.extract_text(file)
               ^^^^^^^^^^^^^^^^^^^^^^^^^^^^^^^^^^^^
  File "C:\Users\hites\Showcase\app\services\ocr_service.py", line 23, in extract_text
    raise RuntimeError(f"OCR Pipeline failed: {str(e)}")
RuntimeError: OCR Pipeline failed: OCR failed: 400 API key not valid. Please pass a valid API key. [reason: "API_KEY_INVALID"
domain: "googleapis.com"
metadata {
  key: "service"
  value: "generativelanguage.googleapis.com"
}
, locale: "en-US"
message: "API key not valid. Please pass a valid API key."
]
------------------------------ Captured log call ------------------------------
INFO     app.tasks:tasks.py:14 Job a1dac1d7-dd46-4eff-ad1b-bd092361f254: Processing started for User test_user_123
ERROR    app.adapters.gemini_adapter:gemini_adapter.py:307 Vision OCR failed: 400 API key not valid. Please pass a valid API key. [reason: "API_KEY_INVALID"
domain: "googleapis.com"
metadata {
  key: "service"
  value: "generativelanguage.googleapis.com"
}
, locale: "en-US"
message: "API key not valid. Please pass a valid API key."
]
ERROR    app.tasks:tasks.py:44 Job a1dac1d7-dd46-4eff-ad1b-bd092361f254: Failed after 0.54s | Error: OCR Pipeline failed: OCR failed: 400 API key not valid. Please pass a valid API key. [reason: "API_KEY_INVALID"
domain: "googleapis.com"
metadata {
  key: "service"
  value: "generativelanguage.googleapis.com"
}
, locale: "en-US"
message: "API key not valid. Please pass a valid API key."
]
Traceback (most recent call last):
  File "C:\Users\hites\Showcase\app\adapters\gemini_adapter.py", line 304, in vision_to_text
    response = await self.vision_model.generate_content_async(content)
               ^^^^^^^^^^^^^^^^^^^^^^^^^^^^^^^^^^^^^^^^^^^^^^^^^^^^^^^
  File "C:\Users\hites\AppData\Local\Programs\Python\Python311\Lib\site-packages\google\generativeai\generative_models.py", line 385, in generate_content_async
    response = await self._async_client.generate_content(
               ^^^^^^^^^^^^^^^^^^^^^^^^^^^^^^^^^^^^^^^^^^
  File "C:\Users\hites\AppData\Local\Programs\Python\Python311\Lib\site-packages\google\ai\generativelanguage_v1beta\services\generative_service\async_client.py", line 440, in generate_content
    response = await rpc(
               ^^^^^^^^^^
  File "C:\Users\hites\AppData\Local\Programs\Python\Python311\Lib\site-packages\google\api_core\retry\retry_unary_async.py", line 231, in retry_wrapped_func
    return await retry_target(
           ^^^^^^^^^^^^^^^^^^^
  File "C:\Users\hites\AppData\Local\Programs\Python\Python311\Lib\site-packages\google\api_core\retry\retry_unary_async.py", line 163, in retry_target
    next_sleep = _retry_error_helper(
                 ^^^^^^^^^^^^^^^^^^^^
  File "C:\Users\hites\AppData\Local\Programs\Python\Python311\Lib\site-packages\google\api_core\retry\retry_base.py", line 214, in _retry_error_helper
    raise final_exc from source_exc
  File "C:\Users\hites\AppData\Local\Programs\Python\Python311\Lib\site-packages\google\api_core\retry\retry_unary_async.py", line 158, in retry_target
    return await target()
           ^^^^^^^^^^^^^^
  File "C:\Users\hites\AppData\Local\Programs\Python\Python311\Lib\site-packages\google\api_core\grpc_helpers_async.py", line 89, in __await__
    raise exceptions.from_grpc_error(rpc_error) from rpc_error
google.api_core.exceptions.InvalidArgument: 400 API key not valid. Please pass a valid API key. [reason: "API_KEY_INVALID"
domain: "googleapis.com"
metadata {
  key: "service"
  value: "generativelanguage.googleapis.com"
}
, locale: "en-US"
message: "API key not valid. Please pass a valid API key."
]

During handling of the above exception, another exception occurred:

Traceback (most recent call last):
  File "C:\Users\hites\Showcase\app\services\ocr_service.py", line 18, in extract_text
    return await gemini_adapter.vision_to_text(content)
           ^^^^^^^^^^^^^^^^^^^^^^^^^^^^^^^^^^^^^^^^^^^^
  File "C:\Users\hites\Showcase\app\adapters\gemini_adapter.py", line 309, in vision_to_text
    raise GeminiError(f"OCR failed: {str(e)}")
app.adapters.gemini_adapter.GeminiError: OCR failed: 400 API key not valid. Please pass a valid API key. [reason: "API_KEY_INVALID"
domain: "googleapis.com"
metadata {
  key: "service"
  value: "generativelanguage.googleapis.com"
}
, locale: "en-US"
message: "API key not valid. Please pass a valid API key."
]

During handling of the above exception, another exception occurred:

Traceback (most recent call last):
  File "C:\Users\hites\Showcase\app\tasks.py", line 18, in process_resume_task
    raw_text = await ocr_service.extract_text(file)
               ^^^^^^^^^^^^^^^^^^^^^^^^^^^^^^^^^^^^
  File "C:\Users\hites\Showcase\app\services\ocr_service.py", line 23, in extract_text
    raise RuntimeError(f"OCR Pipeline failed: {str(e)}")
RuntimeError: OCR Pipeline failed: OCR failed: 400 API key not valid. Please pass a valid API key. [reason: "API_KEY_INVALID"
domain: "googleapis.com"
metadata {
  key: "service"
  value: "generativelanguage.googleapis.com"
}
, locale: "en-US"
message: "API key not valid. Please pass a valid API key."
]
============================== warnings summary ===============================
app\adapters\gemini_adapter.py:32
  C:\Users\hites\Showcase\app\adapters\gemini_adapter.py:32: FutureWarning: 
  
  All support for the `google.generativeai` package has ended. It will no longer be receiving 
  updates or bug fixes. Please switch to the `google.genai` package as soon as possible.
  See README for more details:
  
  https://github.com/google-gemini/deprecated-generative-ai-python/blob/main/README.md
  
    import google.generativeai as genai

-- Docs: https://docs.pytest.org/en/stable/how-to/capture-warnings.html
=========================== short test summary info ===========================
FAILED tests/test_endpoints.py::test_upload_resume_success - RuntimeError: OCR Pipeline failed: OCR failed: 400 API key not valid. Please pass a valid API key. [reason: "API_KEY_INVALID"
domain: "googleapis.com"
metadata {
  key: "service"
  value: "generativelanguage.googleapis.com"
}
, locale: "en-US"
message: "API key not valid. Please pass a valid API key."
]
================= 1 failed, 7 deselected, 1 warning in 1.19s ==================
